bossybalo@gmail.com:Amazing1005
widhiyo@gmail.com:King@#123
Jupiterseotools@gmail.com:Jupiterteam
tcbexe1@gmail.com:TheCreatorsBay.com@123xxxxx13121617
tcbexe1@gmail.com:TheCreatorsBay.com@123xxxxx34453
tanveersukherabrand@gmail.com:BuyOnlyFrom@PrideseotoolsWebsite
294692@bklop.com:55889900
leonardofrombrand@gmail.com:BForBrand#1#923023554115
chiranjibi.ban143@gmail.com:B1anaashish123
shareskill89@gmail.com:skillshare3
poshan.bms2017@nepalmountain.edu.np:Qillbot
eng.osamaali.nis@gmail.com:hguhftghjk77
smarthackrdp99@outlook.com:Quillbot#2023
Adegbolakolade2026@gmail.com:OBIDATTI@2023
vile@caeyan.cloud:vile@caeyan.cloud
blisspremium41@gmail.com:Df$#@e2t5v
kevomkali1@gmail.com:kevomkali1
sirdeankenya@gmail.com:0724237935G
narorahim1@gmail.com:guhdar123
wisma67@gmail.com:A0705586
erickmurimi1@yahoo.com:12345@
magetr@keewi.ga:magetr@keewi.ga
mandu5@kagurazs.club:forsale20
ericfordjour79@gmail.com:18041979Ef@
chepkoechhilda8@gmail.com:Greatcatch24
qwik@seren.ml:Whoareyou!
bilalnabi3@gmail.com:civilian14
examplemara@outlook.com:wajib_wa_saya_089619757584
fugaapee15@gmail.com:Rudamane@55
adegbolakolade2026@gmail.com:OBIDATTI@2023
Entertool1@gmail.com:Entertool.com@Quill1235421
engtobiasouma@gmail.com:0715426420BL
danywebak@gmail.com:Tafune803050
axiaprim@gmail.com:sazykei
cleopusgatumbo@gmail.com:Gatumbo@123456789
bolytheone4@gmail.com:Tamay@355
blisspremium95@gmail.com:GtyU%45#
gemasot850@linxues.com:P7HTjDWedyCQwPm
patrickbottse@gmail.com:Reda8562
muhirepatrick850@gmail.com:MUHIREPATRICK1407
fateemah1105@gmail.com:Folashade15$
guillermoandresnm@amschool.org:Guille20
skwwriter@gmail.com:Hehe123@
opzach@gmail.com:Ajoke@10
noorwisma@yahoo.com:a0705586
bogomajem@gmail.com:Rufas5080
sufadawe21@gmail.com:Tena0753800092
kuveritjiraso@hotmail.com:senoviat1
Course089@gmail.com:mmww7890
kijomba@nalil.co.ke:kINYA2019@
tanida_16@yahoo.com:elanida816
biwansetu@gmail.com:Dude306020
simthembiledembi@gmail.com:0835353748
adrian1011aguilar@gmail.com:Adriano1011
beauty@kingmotions.com:King11@@
raysuperhuman030@gmail.com:Wednesday9h
tempsedu@gmail.com:Haduma5030
bkyatich@gmail.com:FortunateWriter
fumanetanove8@gmail.com:Novdec0753800092
cehajangkrek@any.pink:MiliknyaTk.Premiumstock90
mbuguawairimu31@gmail.com:2023#0741587
margalapon@gmail.com:Mo3C26D28T15E23qb
drimowex@gmail.com:Epfuta803070
cheggbeast@gmail.com:cheggbott
alondralourdes.ah@gmail.com:Ruba@5423
readyedurdp27@outlook.com:PLUS5566
zihi.sham93@gmail.com:MiliknyaTk.Premiumstock90
drewpotts714@gmail.com:King11@@
friendsempire912@gmail.com:Quilbot@1122
m.ians@yahoo.com:moash3013
noches@gunita.cloud:asitwas
qb56@rededu.us:Star2025
qb7@rededu.us:Star2025
brandonvizcarra1@gmail.com:Julissa85
neritaiy71@gmail.com:sazycloud
lucynjoka53@gmail.com:lisa7890
ahmad@tqniat.com:ahmad123
derickpkoech05@gmail.com:Havertz
quillbotworld@kingmotions.com:Delll11@@
mba23sushmitarajwar@iimsambalpur.ac.in:SuzyCons@121
natiidds@gmail.com:action101
vipit59016@bitofee.com:5c//4LU3htTGa7z
asviheru2@gmail.com:aeristuff!
caxtononabanjo@gmail.com:Success777
heathergrob@gmail.com:Buggy1982!
marksfowen@gmail.com:Daudi@450
trillionare2022@gmail.com:Tsconect@2030
sivaatnus@gmail.com:Sivawin1103#
jjogurrae@hotmail.com:thfdk1004
wrestlermason@gmail.com:123AALM
hotlan.siagian@petra.ac.id:hotlan2863
co.help@dajaerie.pro:co.help@dajaerie.pro
itz.lyannezy@gmail.com:Kjh121817
tgqservices+pro@gmail.com:TGQProAccount
gilliash@kean.edu:Bigbaby31!
mahojul@bluewin.ch:Tuna4857
cnojd@zrshp.com:Maviepeach0
paddyescobar700@gmail.com:Friend144
fibanawe4@gmail.com:Teda@5030
foremaset@gmail.com:Hasema8030
aldimukidi90@gmail.com:MiliknyaTk.Premiumstock90
jasa@shipped.es:Icorona@123
aldibot@any.pink:MiliknyaTk.Premiumstock90
ldywolf11@gmail.com:Ve17731314
uda.vs.azimio@yandex.com:dan.gatumbo
mmlmml109@gmail.com:Shamim_199694.
subscheap.bought.this.quillbot.101@subscheap.com:@whatsapp+8801866720758
dnswssy+manu@gmail.com:tanya_wa_089619757584_snowman
bkyatich@gmail.com:SpeedyTortoise4590
sadikul@agamservices.com:Sadik8421#
futuredigital03@gmail.com:MilikTokoCanvaproeduPremiumstock90
rimseyken35@outlook.com:$GeorgeK005QPA
pewdibye@Outlook.com:Toolsninja.in@GroupBuy0235
teravimwriters@gmail.com:quillbot7030
goodthingsquillbot@navalcadets.com:goodthingsprivate1
ShriramDahotre@Email.com:Aarah*02
kajijumari06@gmail.com:MiliknyaTk.Premiumstock90
enviti90@gmail.com:MilikTk.Premiumstock90
chaustralia@rover.info:MiliknyaTk.Premiumstock90
ziadhany1515@gmai.com:7e7aelnegm
gatumbo.dan@yandex.com:dan.gatumbo
cleopusgatumbo@gmail.com:9hJsN9LvKcigggg
shaikamira211@gmail.com:Toolzbuy.com@bestgroupbuy
Gj.waigwa@gmail.com:Bling@17
Teresacales31@outlook.com:BuyFromUs@12@AzadSeoTools@4@03003540373@&
goodtech0227@gmail.com:Shopeegoody99tech3333
zheersalar98@gmail.com:akam123456
festuskimanzi5@gmail.com:@Harry254
cheggbeast@gmail.com:isbeastchegg
gatotkusj@yahoo.co.id:softwaremahasiswa1999
futuredigitaledu@gmail.com:01082022MilikCanvaproeduPremiumstock90
jlemone7@gmail.com:MilikTk.Premiumstock90
futuresdigital04@gmail.com:MilikTk.Premiumstock90
orensquad.90@gmail.com:MiliknyaTk.Premiumstock90
Teresacales31@outlook.com:SeoAzad@#HJG01
softwaremahasiswa@gmail.com:softwaremahasiswa1999
Olisagozie111@gmail.com:Olisa12345
hagec69888@etondy.com:rdwan1980
twelchfca@gmail.com:Popcorn4!
awitkadin2020@taenamo.tk:potangina
ibarra@naksui.xyz:ibarra@naksui.xyz
elprinshamada@gmail.com:Mechoo2001
kokobeitt@gmail.com:90GATUMBO
jwongdiver@gmail.com:21street
mesbahmesbah165@gmail.com:01862023906346
zhr@umich.edu:Zhang199369
kartik9589@gmail.com:Petronus@11
toolzbuy@gmail.com:Toolzbuy@groupbuy
sukd1701324:08464974
quillbot@weproms.com:socialmark32!
andersonhalley@yahoo.com:Haidyn0713
hadesdemise3@gmail.com:Quilbot999
aliviagrover777@gmail.com:Livyholly7
liliandancan@gmail.com:0718021360
fixbefan@mbox.re:Lemonluv0611.
robertmuff20@gmail.com:Murph1996
tlmcdaniels23@gmail.com:Love1430
furolaesheku@hotmail.com:Software@888
imursocmedmanager@gmail.com:@GodBlessGab88
harykaka911@gmail.com:Puma1190
jaiswal:Anku737321
yeji.xnu@gmail.com:thvcart!
sirusmanaps@gmail.com:45854585
michaelsmoates@gmail.com:summer12
admiretiug@gmail.com:maxmcgrath@20#11
nancy74553@gmail.com:forsale01
rspinnawala19190@gmail.com:ranjana@19190
amrkaood@yahoo.com:R2021hakar123@AWEB2021
iiumkia@gmail.com:Lazada2016*
pm@ajshoppe.gq:Cyphertent15_0428
m.iqbal_zaini@yahoo.com:Taikotok56
microwave122233@outlook.com:SeoAzad#Sep06Date
rp20ce36@gmail.com:420Menahi?
solmaestro03@gmail.com:TheTutors
sky@luvprans.cloud:yannaprem
admin@houseofaqsa.co.uk:Paki611@@//
besttutors525@gmail.com:best@2023
mbuicharles09@gmail.com:mbugua31
marvelllbella01@gmail.com:youtube2022
hatingkapatid@laije.xyz:Dikoalameh
thekhanarain@gmail.com:4585228
mostapha.ouadefli@gmail.com:hadri1997
joycevera100@gmail.com:joycevera12345
kalaivasanth17@gmail.com:Vasu@9523
tayofranklin1@yahoo.com:Gizmoz10?
dr.waseem.923@gmail.com:bhatti1054
s_dentist_11@hotmail.com:Dr.sara3zz$
jennydangg01@gmail.com:Redflannels01
adard@dawnut.space:Wow@#123
nmdat.bme@gmail.com:minhdat1998
umarabbask@gmail.com:Office@1234
naveensingh.31722@gmail.com:Archana@28
hillarymuriuki@gmail.com:2031500H
dragonsorwd13t:ssgg123t
padama3147@paxven.com:Chandra@72
erickmurimi1@yahoo.com:Can@0000
12233063@mail.sustech.edu.cn:yy690730
1755429036:badol@28515
areejkazmi41415@gmail.com:zeenat1415
wangllwork@163.com:fqzka532
eljioma18@gmail.com:OMAR7259
henryb.elvira@gmail.com:Henryb.elvira2003
cows1@hiraya.space:cows1@hiraya.space
quilgold4@autre.fr.nf:Asif#malik#
nidch98@gmail.com:Happy@2k23
asrdavid.90@gmail.com:Asrdavid.89
foxarain5@gmail.com:usman4585
omarkhattiaugust218@gmail.com:a7a194752
fpafe@prenx.ml:fpafe@prenx.ml
putosam19@gmail.com:Hyster##19
bombuikhav@gmail.com:147258369bom
moh2003abu@gmail.com:King2023!!
asweiner@my.lonestar.edu:lamide240
chainchainunlocks@gmail.com:quilowner_chainchain2
moonjze@mweh.shop:45852504
floppy.iq20@gmail.com:floppy.iq20
yrus90011@gmail.com:Gamex123gtx
blisssbona@gmail.com:Bliss2bo3na
salihunurudeen1@gmail.com:0544003600Nuru@
riza.ramos007@deped.gov.ph:amazingtwinsRS45
muhammad.abdelaziz@outlook.com:TEData@123456
editor@hubslides.com:2021hubslides
syvprem06@catto.gq:prem060321
josephdelia101@icloud.com:Joseph101.
eng.rebeen@gmail.com:reo422ReO422
meroalaa201079@gmail.com:ameeralaa123
singhjadbanda@gmail.com:ratanludhiana
wilsongeorge10@plixup.com:Jawad000
egxsajjad@gmail.com:667433@Sjjd
erickmuriithi996@gmail.com:CANTONA54
shaharyar.acca@gmail.com:233091A
flafi.lovable@gmail.com:Abrar.me111
nedyarb105@gmail.com:and521no
nck66289@gmail.com:Nuwan@2790
pchdb8448dbb@niceone.baby:pcydnylprms
alexkevinpratama2023@gmail.com:kevinissocool
kevinlevin018@gmail.com:Stallionck
yagmam97@gmail.com:betselot703255
salmandurrani274@gmail.com:One525354565
robert.3wid@gmail.com:Xoxosomi123
manalelnaggar67@gmail.com:Karysmadodo123
vehanrathnayake6@gmail.com:@RmaepH4J2deP!s
quillbot.jersey.addy@gmail.com:preetydon
godsown4luv@gmail.com:wisdom2020
maxwellkipkoech22@gmail.com:MugugaWagatonye2800
bishal.rijal1996@gmail.com:@bishalprakriti1
rreeddssdd88789@outlook.com:Qwert@12345
maiai@mweh.shop:forsale01
vagabonddon8@gmail.com:snehanshu
akmshafkatkarim@gmail.com:Newonebaby@12
digidonindonesia01@gmail.com:digidonyungki
erica_young9@aol.com:Giababe97
plant@loche.uno:tanya_wa_089619757584_mata
canelegend_13@yahoo.com:NUgent@1313
ptejaswini2003@gmail.com:090703
Floppy.iq8@gmail.com:Floppy.iq8
aurielfaye@gmail.com:orleyfey
kiggspremium03@gmail.com:May124
bestvpn115@gmail.com:Suyan032285
shahzaniasiyal787@gmail.com:RTP@#123
atifktk333@gmail.com:sarimkhattak
canlucasjr1@gmail.com:Shahzebkhan@@@
Teresacales31@outlook.com:BUYfromAzadSeo.com@1@+923003540373@
amankaur.amiwebdesigns@gmail.com:Anhadh@2020
Victor.abdalla@outlook.com:Lowpost101$
abul40860@gmail.com:SG>/zC&Wrn5e
tapatapadapin@blssmly.com:ilytysm123
laterwatson78@gmail.com:kEzL1rltodogi$aglWRa
lesiyit991@hondabbs.com:r3@!sLEWWg
garam@koomicasa.tk:tanya_wa_089619757584_kaca
kuillbot@toolszilla.net:Q5!xf!T!Zh%zVr
lovirey.cerna001@deped.gov.ph:Rhey1982anrec
anubhabmukherjee21@yahoo.com:Soura97@
Tonyharri53@assurmail.net:Jawad12345
ts87k6@163.com:axacaaf3
pzmk1505@gmail.com:reading71
13324406078@163.com:44rfggw11
hitunajasili9@163.com:444483333
ddq2mb@163.com:sadas33
dthi5039@gmail.com:q1w2e3R4
6bb11hafiz@gmail.com:muiZhishaM
eyan0c@163.com:asd131
rickmagem@gmail.com:Tudafdsafudesda83257
obenojo@gmail.com:SecretPlaces@07
ayshikmee@gmail.com:ayshikmee1998
valeria.selicati@unibas.it:V@lermdf91
mbuicharles001@gmail.com:April@07454##
researchhelpbd.info@gmail.com:research@batch5
amandeepinsan94@gmail.com:aman36099
Phyto1001a@gmail.com:Phyto1001a
engtobiasomondi@gmail.com:0715426420XHV
jeri@soemn.uno:Tinay18!
scientificresearch72@gmail.com:ab123456789
dalmasogungo28@gmail.com:odero1990
bondzie2g@yahoo.com:Abaidoo87.
lord0ftherings@outlook.com:shakil123
ruby@sthvsyntx.uno:Mahika!
ginny_si@hotmail.com:Valentine9
shopnochary2004@gmail.com:The_one_2007
verdad@bambii.xyz:verdad@bambii.xyz
bugsiegirl@hotmail.com:Brodie02
pakshsh@claypogi.com:pakshsh@claypogi.com
Tonyaellis21@plixup.com:Jawad000
himonoc697@duiter.com:sifo22996
lease@shichii.com:abc123
ezenwenc@gmail.com:U200980eze
hillarymwai3@gmail.com:2025@Gatumbo
tangled291@crescent.cf:truehouse
janhooijmans@outlook.com:appel123
552892@bklop.com:11336688
nickodesh@gmail.com:Joharimugera17
marylouisecapuz@gmail.com:ramyelouise04132011
cindy-tan@outlook.sg:C1ndyt@n
wobas17081@yasiok.com:opiououhyuit
songoodmedia@gmail.com:Goodmedia@2022
mdbabumia7723@gmail.com:nMrV&HSH7H#F%d8
215674@bklop.com:33446677
buntydvg17@gmail.com:NovemberRain
amandajones2@hotmail.com:Abigail23
tomkow@outlook.com:marilyn1
nippi9@yahoo.com:k!5Ki3Vfuq87kz3
tgqservices+services@gmail.com:TGQSERVICES.COM
kabeerproviotech@gmail.com:PrimeSeoTool
info@cinchbucks.com:@Ifty1122
asmsufian.23@gmail.com:aakpa8.JKZ3rS$/
mba22mayank@iimsambalpur.ac.in:@1j-QUPS%Konika47@
mostafaz99099@gmail.com:ForFriend123##
Ahmedelqady08@gmail.com:Forfriends1
putrimaysarah.13@gmail.com:MiliknyaTk.Premiumstock90
isisaldo6@gmail.com:MilikTk.Premiumstock90
jasmimin13@gmail.com:MilikTk.Premiumstock90
kulibot@any.pink:MiliknyaTk.Premiumstock90
nursalam_ftk@uin-alauddin.ac.id:Bismillah250308
premiumgoodsbd@gmail.com:Premiumgoods#2580BDx2
friendsempire912@gmail.com:Shah@#2025!!
13032884544@163.com:6tjjffffWW
rer@dawnut.icu:tunwad
dokapa2@gmail.com:aaaa7777
aaqqaw@enhadocx.gq:quillbot0000
diwsha@mweh.shop:forsale01
raysuperhuman030@gmail.com:superhuman09
chepkoechhilda8@gmail.com:May030
edudigitalfuture@gmail.com:MilikTokoCanvaproedu
mi.aphile@gmail.com:Ilytysm123!
raysuperservices@gmail.com:Arya127
eric.rodriguez6931@sparura.com:DPBD.ME2024apl@#
petrrson@tokito.xyz:YangPastiAkunIniPunyaGroupydotid2024!
chijiokechisom42@gmail.com:@Cj7086417709
liz.arlotta1@gmail.com:0728301854@GATUMBO
ita_19_85@hotmail.com:EDI1985
srontokunto@gmail.com:MiliknyaTk.Premiumstock90
vibog62117@evusd.com:Lazio78
milikpribadistore26@gmail.com:Akuninimilikstorepribadishopee999
sabbirkhan75907@gmail.com:digitalproductsbd.com)AUg18$
hillarymwai3@gmail.com:2025@Gatumbo$
sri.maharanisri81@gmail.com:MiliknyaTk.Premiumstock90
lelando9123@gmail.com:wl37263726
md.rkreza@outlook.com:Reza9386818
jersey.addy.quillbot@gmail.com:Good_Vibe_2021
frdmzd@gmail.com:Te@m-M@tr!x
9rvpq@indigobook.com:Pa$$w0rd2024
yisakte9@gmail.com:1234qwer
dxai06050@gmail.com:1806050
sadiasultana10567@gmail.com:112233@@Mix
vineetbi@iitk.ac.in:bindal325
Biplovemia333@gmail.com:GroupAcc001@#
Biplovemia888@gmail.com:B96098082@#bC
Biploveturnitin@gmail.com:B96098082@#bOK?
quillbot9th@gmail.com:8WYRLejL
marksilasm15@gmail.com:@Gunners3020
ditchezedrick@gmail.com:Zedrick12345abcde#
sksakibkhanseo@gmail.com:Bdseotools?/Groupbuyservice&(IYUE#D33
milonmahigo@gmail.com:BdseotoolsGroupbuyservices+_(2545DD
sksakibkhanseo@gmail.com:Bdseotools??Groupbuyservice315##
Softwaremahasiswa@gmail.com:software123
pins@emel.ga:benlotus123
chanix0123@gmail.com:Christian12
mikay.c.c.0921@outlook.com:Passcode7
fuhoci.ifoteg@vintomaper.com:jisooyah
alieson3235@gmail.com:Ph.corner123
quillbot1111@metalunits.com:k3uJ0@n527!
omy@canfga.org:Test9090
lukashedberg45@uniromax.com:#studywell
pochipachiy@gmail.com:macdo@000
ubrosclrh@leadwizzer.com:ihfwiefhwe32648372
ewexgmkisvn@knowledgemd.com:Donotchangepass.c0vs
brandseotools0@gmail.com:BForBrand#1#923023554115
amarseotools.com@gmail.com:@#3@amarseotools.com#2@#
benjazkim97@gmail.com:benjaz1997
hillarymuriuki90@gmail.com:Gatumbo@10099H
lucynjoka93@gmail.com:lucia99
engtobiasomondi@gmail.com:0715426420LET
mbuguawairimu31@gmail.com:mbugua31
isaacwandah26@gmail.com:Wandah115
gatumbo1099@gmail.com:Hm0728301854
raysuperhuman2@gmail.com:QuillBot201
researchsolutions33@gmail.com:saba@2023
begokante@gmail.com:Bate@3050
goodsamaritan.august12@gmail.com:Goodfeb@02#
info@YOUTECHNEPAL.COM:S@cin71652
shanaleyn@gmail.com:187151974sav
dorothyakinyi66@gmail.com:@Rongai2023
ameliaazizan.work@gmail.com:Amelia193_
lexfernandez165@gmail.com:lex041394
bandakhondwani2@gmail.com:K0971174749i
ef.haskin@gmail.com:!234Quillwrite
md.nakibulhasan1@gmail.com:1.Buy.from.premiumgoodsbd.com
mycopymatic@gmail.com:Noxtools.com-Orginalsite
gatumbo.dan@yandex.com:15gatumbo
ninfnira43.21@gmail.com:Buy.from.premiumgoodsbd.com.
elobrien1055@plixup.com:Jawad000
cou.rsehero283@gmail.com:Buy.from.premiumgoodsbd.com
go.ldf.eatherprem.03@gmail.com:go.ldf.eatherprem.03@gmail.com
Biplovemia100@gmail.com:B96098082@#bCa
autofun04@outlook.com:autofun2022
goldfeather17@outlook.com:goldfeather17@outlook.com
veeruz@gmail.com:NoxTools.com#Orginal-buy-cheap
161987@bklop.com:44557788
kanyi781@gmail.com:DK0702605981
sir.gatumbo@gmail.com:Gatumbo@##96
derickpkoech05@gmail.com:Pulisic
Terencegray1@plixup.com:Jawad000
lionking@kingmotions.com:Dell11@@55
ichibueze2@gmail.com:Chibueze90
r34719470@gmail.com:quillbot0000
fexelo1975@684hh.com:222222
qb_apr1yr_110@jarvisedu.co:tanya_wa_089619757584_sese
archanathdickwella@gmail.com:Nimnath2$
plkiprotich@gmail.com:@mAwm2mJSPEz_iW
zainabali00011@outlook.com:*%pvKs4R*3X!HH
q.uil.l.botser.vice@gmail.com:Res43erDesw
q.u.il.lbotserv.ice@gmail.com:Gyt65yjfrribsrt
amigelonio@gmail.com:2m!geQuillBotloniO93
md.nakibulhasan1@gmail.com:premiumgoodsbd.com
haronbosym@gmail.com:Dunase882052
nuwaherezapeter34@gmail.com:@lonnie34
778422@bklop.com:33556688
seobdstools.online@gmail.com:Toolzbuy.com@BestGroupBuy
0sa3eed0@gmail.com:715826336
quillbotusers@gmail.com:@April2023.
673464@bklop.com:33667788
pleo@mweh.club:vaxa01
miamtai618@outlook.com:Tray7482
saheransari777@gmail.com:bwzW2WVT@Emp!sc
Tgqservices+quillbot17@gmail.com:TGQSERVICES87
coreyhar176@plixup.com:#1Prideseotools.com
miyax222888@gmail.com:B96098082@#bC
144837@bklop.com:44332211
saheransari777@gmail.com:mitesh123
kuillbot11@atoz.edu.pl:f5788z2J%Yf5BE
Cuencajaramillo23@gmail.com:chicas123456
anishkumarr121+quill@gmail.com:Toolsninja.in@Best08913#
sharkawy.man2012@gmail.com:12320031
661916@bklop.com:11556688
smahe727@gmail.com:empressmahe
lucasburke25@gmail.com:0719268905vf
arshall1312@plixup.com:Jawad123
unoz@jxprems.ml:leospride11
moradash831@gmail.com:33336666
maheshi.bandara7@aiesec.net:empressmahe
mariejnielson@gmail.com:Warismalik0786@#
veeruwebz@gmail.com:NoxTools.com.Orginal-group-buy.now.cheap
coaik@outlook.com:Daje@562
goldfeather34@outlook.com:Gold@123#
gyimahmichael.gm@gmail.com:0276441536
almagroos@yahoo.com:Daudi@450
kuillbot012@atoz.edu.pl:kj%3yqY&e^rEg%
phlipk.han35@gmail.com:Hashim@12
dankg345@gmail.com:Dk0702605981
cherore2040@gmail.com:25802582
goldfeather75@gmail.com:Hashim@1
kaisisw@kive.ml:seokjincart
newdurgara@outlook.com:Toolzbuy.com@001
engtobiasomondi@gmail.com:B0715426420LT
Shahzadahmed.neduet@gmail.com:79475659
josheg@fuppurge.info:josheg@fuppurge.info
kiggspremium03@gmail.com:0746984104
fairyenny@yahoo.ie:eniolaeniola
aysha.baydak.25022007:535
shaikamira211@gmail.com:Toolzbuy.com@1010
phareze@hotmail.com:&Z34EA*%H3FRg5
sandeepkumawat052003@gmail.com:NoxTools.com.Orginal-group-buy.now.cheap
hariko9853@jio1.com:hariko9853@jio1.com
aleeshamalik@sent.com:Toolzbuy.com@4432
creators@kingmotions.com:Kingmotion@@14
paolo.gambini30@gmail.com:concombre1$
1436556954@qq.com:shjbbdxb
jimmmyed81@gmail.com:Slimjim24i$
orensquad90@gmail.com:MilikTk.Premiumstock90
vpnstock.90@gmail.com:MiliknyaTk.Premiumstock90
661924@bklop.com:22334455
masdokbot@gmail.com:MiliknyaTk.Premiumstock90
finaandinie4@gmail.com:MiliknyaTk.Premiumstock90
denied@rover.info:MiliknyaTk.Premiumstock90
xylent88@gmail.com:MiliknyaTk.Premiumstock90
kerewi2152@pofmagic.com:ELXJ2Lpwb7vB74@
18s01aba031@anu.ac.ke:Chris0796164320
mbau19@gmail.com:Mbau2030
samuelngumbau19@gmail.com:0713116800
newfelixmwanzia@gmail.com:Kenya2021
Flashbackstore786@gmail.com:Warisbot123@@
viralesvip@gmail.com:seoturnitin
soccerjes11@hotmail.com:Japan@4174322
ramiropierce3@habenwir.com:Malik#9476539#
adeel.anjum456@gmail.com:seotoolscast.com@sbsb@
etihadmall2020@gmail.com:Osman11@@
tgqservices+quillbot@gmail.com:TGQservices
adamspagnolo@hotmail.com:Spagnolo9
usama:Osman11@@
hiyo18@trsrmakers.tk:hiyo18@trsrmakers.tk
milka.lowinger@gmail.com:Milka123
bara.shakarna@gmail.com:0568556975#Bbb
Files@simpledom.ml:Hello2022!
kate.thacker.10@gmail.com:2013Tuska!
sampadsarker777@gmail.com:#xj^R=>29al
fbsdigitaslt123@gmail.com:Quill1234500@@
usmba.plg@gmail.com:usmba.plg__2020
wanzrgg@gmail.com:1976doctors
entertool1+quill23724@gmail.com:Entertool@@1122
dee.engage@outlook.com:Dee0843283476
markweidanny@gmail.com:immortality
Blossom@simpledom.ml:Hello2022@
m.nehad2001@hotmail.com:mohamed36
markweidanny@gmaill.com:quillbot442@mawu
softwaremahasiswa@gmail.com:1000JalanSukses
mulberry@misscatsells.ml:icedlatte
divineagbonani@gmail.com:quillbot442@mawu
clintonmomanyi5647@gmail.com:clinton4
aj9670@srmist.edu.in:Leeshin@1
harristonp@gmail.com:babawewe098
roney.nubtk@gmail.com:@Banglalink019@
tarini234sahu@gmail.com:tarini234
yjfkz@outlook.com:kcystore123
Tiaan152.tve@gmail.com:Tiaan152
cgeatsmart@gmail.com:AkunMilikPremiumstock90
Auraprang@gmail.com:theomen
moaazakram608@gmail.com:Moaazmaxstarwe123321@
monton.digital@gmail.com:jdjjejdii81
k.capper@hotmail.com:Babakane1702
Jenli:proverbs356jen
daocaotian01@163.com:Daotian1215
dgtakale@gmail.com:phd123123
mmbogamerci22@gmail.com:Akoyo123
Mohit:Mohit@1312
beb@cresia.us:lovecresia
nzejoeword@gmail.com:godknows2
646685@bklop.com:33445566
Zameer:Jalalzai0987654321
rashford.eyo@yahoo.com:0103991452R
md3j5@163.com:asfaga3
332265@bklop.com:44668899
yeol124:Brai09091216
MUIZZ:Akintola1997
yeol124@premsyeol.ga:yeol124
hildanamedhin@gmail.com:hildana@2001
a.islam@krestonegy.com:#2021#Ahmed
gegraasd@gmail.com:hello2024!
izuddin.omar@gmail.com:Elisa312
ohbeerye@usako.net:QB#2022!
ci.l.y.n7.8@gmail.com:Felmarmapute789$
lomasetu@citmo.net:Abcd123@
garciat122@gmail.com:Gat3way1234
masonhanson@chayo.sbs:#ninetysix
dedotod864@giratex.com:x?%A9rSgZ57vT&5
me@gmail.com:abc123
jethrojorolan@gmail.com:5@+ab!nGD@gat
scs.toon@gmail.com:kmitl58609031
